// Jest Snapshot v1, https://goo.gl/fbAQLP

exports[`the barista should make a coffee correctly 1`] = `
Object {
  "cup": "medium-cup",
  "type": "coffee",
}
`;
